---
source: crates/rolldown_testing/src/integration_test.rs
snapshot_kind: text
---
# warnings

## MIXED_EXPORT

```text
[MIXED_EXPORT] Warning: Entry module "test" is using named (including "default", "test", "invalid-identifier") and default exports together. Consumers of your bundle will have to use `test.json.default` to access the default export, which may not be what you want. Use `output.exports: "named"` to disable this warning.

```
# Assets

## test.js

```js
"use strict";
Object.defineProperty(exports, '__esModule', { value: true });

//#region test.json
var test = 123;
var invalid_identifier = true;
var test_default = {
	test,
	"invalid-identifier": invalid_identifier
};

//#endregion
Object.defineProperty(exports, 'default', {
  enumerable: true,
  get: function () {
    return test_default;
  }
});
Object.defineProperty(exports, 'test', {
  enumerable: true,
  get: function () {
    return test;
  }
});
Object.defineProperty(exports, 'invalid-identifier', {
  enumerable: true,
  get: function () {
    return invalid_identifier;
  }
});
```
