---
source: crates/rolldown_testing/src/integration_test.rs
snapshot_kind: text
---
# Assets

## main.js

```js

//#region main.js
var main_default = require("path").join;

//#endregion
export { main_default as default };
```
