---
source: crates/rolldown_testing/src/integration_test.rs
snapshot_kind: text
---
# Assets

## entry.js

```js

//#region data.json
var data_default = {
	"": "The property below should NOT be converted to a computed property for ES5:",
	"__proto__": { "foo": "bar" }
};

//#endregion
//#region entry.js
console.log(data_default);

//#endregion
```
