---
source: crates/rolldown_testing/src/integration_test.rs
snapshot_kind: text
---
# warnings

## MISSING_NAME_OPTION_FOR_IIFE_EXPORT

```text
[MISSING_NAME_OPTION_FOR_IIFE_EXPORT] Warning: If you do not supply "output.name", you may not be able to access the exports of an IIFE bundle.

```
# Assets

## test.js

```js
(function() {


//#region test.json
var test_default = {
	"test": 123,
	"invalid-identifier": true
};

//#endregion

})();
```
