---
source: crates/rolldown_testing/src/integration_test.rs
snapshot_kind: text
---
# Assets

## test.js

```js

//#region test.json
var test_default = {
	"test": 123,
	"invalid-identifier": true
};

//#endregion
export { test_default as default };
```
